[2026-09-15T03:14:34] consolidate.sh start (emit=0, audit=0)
emitted 98 entities → /Users/sevenaaaaaaa/Obsidian/MindRe/MindRe/1-Project/Lovart MFlow/1-1 Harness/11-knowledge/entities.jsonl
emitted 111 relationships → /Users/sevenaaaaaaa/Obsidian/MindRe/MindRe/1-Project/Lovart MFlow/1-1 Harness/11-knowledge/relationships.jsonl
[2026-09-15T03:14:34] JSONL refreshed
[2026-09-15T03:14:34] sync Hermes MEMORY.md
backup → /Users/sevenaaaaaaa/.hermes/memories/.backups/MEMORY-20260915-031434.bak
sync-to-hermes: wrote 6 facts to Hermes MEMORY.md (header + body lines)
[2026-09-15T03:14:34] Hermes sync: facts written
[2026-09-15T03:14:35] reflect (Layer 2)
reflect: wrote /Users/sevenaaaaaaa/Obsidian/MindRe/MindRe/1-Project/Lovart MFlow/1-1 Harness/11-knowledge/dream/recurring-patterns/2026-W38.md (54 sessions, 7 patterns)
[2026-09-15T03:14:35] reflect done
[2026-09-15T03:14:35] consolidate.sh done
[2026-09-16T02:30:00] consolidate.sh start (emit=0, audit=0)
PyYAML not installed. Try: pip3 install --user pyyaml
consolidate.sh: kg-emit-jsonl failed
[2026-09-16T10:41:09] consolidate.sh start (emit=0, audit=0)
PyYAML not installed. Try: pip3 install --user pyyaml
consolidate.sh: kg-emit-jsonl failed
[2026-09-16T10:41:38] consolidate.sh start (emit=0, audit=0)
emitted 98 entities → /www/wwwroot/mflow/1-1 Harness/11-knowledge/entities.jsonl
emitted 111 relationships → /www/wwwroot/mflow/1-1 Harness/11-knowledge/relationships.jsonl
[2026-09-16T10:41:38] JSONL refreshed
[2026-09-16T10:41:38] sync Hermes MEMORY.md
Traceback (most recent call last):
  File "/www/wwwroot/mflow/1-1 Harness/11-knowledge/scripts/sync-to-hermes-memory.py", line 208, in <module>
    sys.exit(main())
             ^^^^^^
  File "/www/wwwroot/mflow/1-1 Harness/11-knowledge/scripts/sync-to-hermes-memory.py", line 201, in main
    hermes_path.write_text("\n".join(cleaned) + "\n", encoding="utf-8")
  File "/root/.local/share/uv/python/cpython-3.12.14-linux-x86_64-gnu/lib/python3.12/pathlib.py", line 1047, in write_text
    with self.open(mode='w', encoding=encoding, errors=errors, newline=newline) as f:
         ^^^^^^^^^^^^^^^^^^^^^^^^^^^^^^^^^^^^^^^^^^^^^^^^^^^^^^^^^^^^^^^^^^^^^^
  File "/root/.local/share/uv/python/cpython-3.12.14-linux-x86_64-gnu/lib/python3.12/pathlib.py", line 1013, in open
    return io.open(self, mode, buffering, encoding, errors, newline)
           ^^^^^^^^^^^^^^^^^^^^^^^^^^^^^^^^^^^^^^^^^^^^^^^^^^^^^^^^^
FileNotFoundError: [Errno 2] No such file or directory: '/root/.hermes/memories/MEMORY.md'
[2026-09-16T10:41:38] Hermes sync: FAILED (USER.md not touched; will retry next cycle)
[2026-09-16T10:41:39] audit reported issues (rc=1)
[2026-09-16T10:42:02] consolidate.sh start (emit=0, audit=0)
emitted 98 entities → /www/wwwroot/mflow/1-1 Harness/11-knowledge/entities.jsonl
emitted 111 relationships → /www/wwwroot/mflow/1-1 Harness/11-knowledge/relationships.jsonl
[2026-09-16T10:42:03] JSONL refreshed
[2026-09-16T10:42:03] sync Hermes MEMORY.md
Traceback (most recent call last):
  File "/www/wwwroot/mflow/1-1 Harness/11-knowledge/scripts/sync-to-hermes-memory.py", line 208, in <module>
    sys.exit(main())
             ^^^^^^
  File "/www/wwwroot/mflow/1-1 Harness/11-knowledge/scripts/sync-to-hermes-memory.py", line 201, in main
    hermes_path.write_text("\n".join(cleaned) + "\n", encoding="utf-8")
  File "/root/.local/share/uv/python/cpython-3.12.14-linux-x86_64-gnu/lib/python3.12/pathlib.py", line 1047, in write_text
    with self.open(mode='w', encoding=encoding, errors=errors, newline=newline) as f:
         ^^^^^^^^^^^^^^^^^^^^^^^^^^^^^^^^^^^^^^^^^^^^^^^^^^^^^^^^^^^^^^^^^^^^^^
  File "/root/.local/share/uv/python/cpython-3.12.14-linux-x86_64-gnu/lib/python3.12/pathlib.py", line 1013, in open
    return io.open(self, mode, buffering, encoding, errors, newline)
           ^^^^^^^^^^^^^^^^^^^^^^^^^^^^^^^^^^^^^^^^^^^^^^^^^^^^^^^^^
FileNotFoundError: [Errno 2] No such file or directory: '/root/.hermes/memories/MEMORY.md'
[2026-09-16T10:42:03] Hermes sync: FAILED (USER.md not touched; will retry next cycle)
[2026-09-16T10:42:03] audit reported issues (rc=1)
[2026-09-16T10:42:14] consolidate.sh start (emit=0, audit=0)
emitted 98 entities → /www/wwwroot/mflow/1-1 Harness/11-knowledge/entities.jsonl
emitted 111 relationships → /www/wwwroot/mflow/1-1 Harness/11-knowledge/relationships.jsonl
[2026-09-16T10:42:14] JSONL refreshed
[2026-09-16T10:42:14] sync Hermes MEMORY.md
Traceback (most recent call last):
  File "/www/wwwroot/mflow/1-1 Harness/11-knowledge/scripts/sync-to-hermes-memory.py", line 208, in <module>
    sys.exit(main())
             ^^^^^^
  File "/www/wwwroot/mflow/1-1 Harness/11-knowledge/scripts/sync-to-hermes-memory.py", line 201, in main
    hermes_path.write_text("\n".join(cleaned) + "\n", encoding="utf-8")
  File "/root/.local/share/uv/python/cpython-3.12.14-linux-x86_64-gnu/lib/python3.12/pathlib.py", line 1047, in write_text
    with self.open(mode='w', encoding=encoding, errors=errors, newline=newline) as f:
         ^^^^^^^^^^^^^^^^^^^^^^^^^^^^^^^^^^^^^^^^^^^^^^^^^^^^^^^^^^^^^^^^^^^^^^
  File "/root/.local/share/uv/python/cpython-3.12.14-linux-x86_64-gnu/lib/python3.12/pathlib.py", line 1013, in open
    return io.open(self, mode, buffering, encoding, errors, newline)
           ^^^^^^^^^^^^^^^^^^^^^^^^^^^^^^^^^^^^^^^^^^^^^^^^^^^^^^^^^
FileNotFoundError: [Errno 2] No such file or directory: '/root/.hermes/memories/MEMORY.md'
[2026-09-16T10:42:14] Hermes sync: FAILED (USER.md not touched; will retry next cycle)
[2026-09-16T10:42:15] audit reported issues (rc=1)
[2026-09-16T10:42:34] consolidate.sh start (emit=0, audit=0)
emitted 98 entities → /www/wwwroot/mflow/1-1 Harness/11-knowledge/entities.jsonl
emitted 111 relationships → /www/wwwroot/mflow/1-1 Harness/11-knowledge/relationships.jsonl
[2026-09-16T10:42:34] JSONL refreshed
[2026-09-16T10:42:35] sync Hermes MEMORY.md
Traceback (most recent call last):
  File "/www/wwwroot/mflow/1-1 Harness/11-knowledge/scripts/sync-to-hermes-memory.py", line 208, in <module>
    sys.exit(main())
             ^^^^^^
  File "/www/wwwroot/mflow/1-1 Harness/11-knowledge/scripts/sync-to-hermes-memory.py", line 201, in main
    hermes_path.write_text("\n".join(cleaned) + "\n", encoding="utf-8")
  File "/root/.local/share/uv/python/cpython-3.12.14-linux-x86_64-gnu/lib/python3.12/pathlib.py", line 1047, in write_text
    with self.open(mode='w', encoding=encoding, errors=errors, newline=newline) as f:
         ^^^^^^^^^^^^^^^^^^^^^^^^^^^^^^^^^^^^^^^^^^^^^^^^^^^^^^^^^^^^^^^^^^^^^^
  File "/root/.local/share/uv/python/cpython-3.12.14-linux-x86_64-gnu/lib/python3.12/pathlib.py", line 1013, in open
    return io.open(self, mode, buffering, encoding, errors, newline)
           ^^^^^^^^^^^^^^^^^^^^^^^^^^^^^^^^^^^^^^^^^^^^^^^^^^^^^^^^^
FileNotFoundError: [Errno 2] No such file or directory: '/root/.hermes/memories/MEMORY.md'
[2026-09-16T10:42:35] Hermes sync: FAILED (USER.md not touched; will retry next cycle)
[2026-09-16T10:42:35] audit reported issues (rc=1)
[2026-09-16T10:43:05] consolidate.sh start (emit=0, audit=0)
emitted 98 entities → /www/wwwroot/mflow/1-1 Harness/11-knowledge/entities.jsonl
emitted 111 relationships → /www/wwwroot/mflow/1-1 Harness/11-knowledge/relationships.jsonl
[2026-09-16T10:43:05] JSONL refreshed
[2026-09-16T10:43:05] sync Hermes MEMORY.md
backup → /root/.hermes/memories/.backups/MEMORY-20260916-104305.bak
sync-to-hermes: wrote 6 facts to Hermes MEMORY.md (header + body lines)
[2026-09-16T10:43:05] Hermes sync: facts written
[2026-09-16T10:43:06] reflect (Layer 2)
reflect: wrote /www/wwwroot/mflow/1-1 Harness/11-knowledge/dream/recurring-patterns/2026-W38.md (55 sessions, 7 patterns)
[2026-09-16T10:43:06] reflect done
[2026-09-16T10:43:06] consolidate.sh done
[2026-09-17T02:30:01] consolidate.sh start (emit=0, audit=0)
emitted 98 entities → /www/wwwroot/mflow/1-1 Harness/11-knowledge/entities.jsonl
emitted 111 relationships → /www/wwwroot/mflow/1-1 Harness/11-knowledge/relationships.jsonl
[2026-09-17T02:30:01] JSONL refreshed
[2026-09-17T02:30:01] sync Hermes MEMORY.md
sync-to-hermes: noop (all § 0/1/2/4/7/8 already bridged)
[2026-09-17T02:30:02] Hermes sync: noop (already bridged)
[2026-09-17T02:30:02] reflect (Layer 2)
reflect: wrote /www/wwwroot/mflow/1-1 Harness/11-knowledge/dream/recurring-patterns/2026-W38.md (64 sessions, 7 patterns)
[2026-09-17T02:30:02] reflect done
[2026-09-17T02:30:02] consolidate.sh done
[2026-09-18T02:30:00] consolidate.sh start (emit=0, audit=0)
emitted 98 entities → /www/wwwroot/mflow/1-1 Harness/11-knowledge/entities.jsonl
emitted 111 relationships → /www/wwwroot/mflow/1-1 Harness/11-knowledge/relationships.jsonl
[2026-09-18T02:30:00] JSONL refreshed
[2026-09-18T02:30:01] sync Hermes MEMORY.md
sync-to-hermes: noop (all § 0/1/2/4/7/8 already bridged)
[2026-09-18T02:30:01] Hermes sync: noop (already bridged)
[2026-09-18T02:30:02] reflect (Layer 2)
reflect: wrote /www/wwwroot/mflow/1-1 Harness/11-knowledge/dream/recurring-patterns/2026-W38.md (78 sessions, 9 patterns)
[2026-09-18T02:30:02] reflect done
[2026-09-18T02:30:02] consolidate.sh done
[2026-09-19T02:30:00] consolidate.sh start (emit=0, audit=0)
emitted 98 entities → /www/wwwroot/mflow/1-1 Harness/11-knowledge/entities.jsonl
emitted 111 relationships → /www/wwwroot/mflow/1-1 Harness/11-knowledge/relationships.jsonl
[2026-09-19T02:30:01] JSONL refreshed
[2026-09-19T02:30:01] sync Hermes MEMORY.md
sync-to-hermes: noop (all § 0/1/2/4/7/8 already bridged)
[2026-09-19T02:30:01] Hermes sync: noop (already bridged)
[2026-09-19T02:30:02] reflect (Layer 2)
reflect: wrote /www/wwwroot/mflow/1-1 Harness/11-knowledge/dream/recurring-patterns/2026-W38.md (92 sessions, 9 patterns)
[2026-09-19T02:30:02] reflect done
[2026-09-19T02:30:02] consolidate.sh done
[2026-09-20T02:30:00] consolidate.sh start (emit=0, audit=0)
emitted 98 entities → /www/wwwroot/mflow/1-1 Harness/11-knowledge/entities.jsonl
emitted 111 relationships → /www/wwwroot/mflow/1-1 Harness/11-knowledge/relationships.jsonl
[2026-09-20T02:30:00] JSONL refreshed
[2026-09-20T02:30:00] sync Hermes MEMORY.md
sync-to-hermes: noop (all § 0/1/2/4/7/8 already bridged)
[2026-09-20T02:30:00] Hermes sync: noop (already bridged)
[2026-09-20T02:30:01] reflect (Layer 2)
reflect: wrote /www/wwwroot/mflow/1-1 Harness/11-knowledge/dream/recurring-patterns/2026-W38.md (108 sessions, 9 patterns)
[2026-09-20T02:30:01] reflect done
[2026-09-20T02:30:01] consolidate.sh done
[2026-09-21T02:30:00] consolidate.sh start (emit=0, audit=0)
emitted 98 entities → /www/wwwroot/mflow/1-1 Harness/11-knowledge/entities.jsonl
emitted 111 relationships → /www/wwwroot/mflow/1-1 Harness/11-knowledge/relationships.jsonl
[2026-09-21T02:30:00] JSONL refreshed
[2026-09-21T02:30:00] sync Hermes MEMORY.md
sync-to-hermes: noop (all § 0/1/2/4/7/8 already bridged)
[2026-09-21T02:30:00] Hermes sync: noop (already bridged)
[2026-09-21T02:30:01] reflect (Layer 2)
reflect: wrote /www/wwwroot/mflow/1-1 Harness/11-knowledge/dream/recurring-patterns/2026-W39.md (119 sessions, 9 patterns)
[2026-09-21T02:30:01] reflect done
[2026-09-21T02:30:01] consolidate.sh done
[2026-09-22T02:30:01] consolidate.sh start (emit=0, audit=0)
emitted 98 entities → /www/wwwroot/mflow/1-1 Harness/11-knowledge/entities.jsonl
emitted 111 relationships → /www/wwwroot/mflow/1-1 Harness/11-knowledge/relationships.jsonl
[2026-09-22T02:30:02] JSONL refreshed
[2026-09-22T02:30:04] sync Hermes MEMORY.md
sync-to-hermes: noop (all § 0/1/2/4/7/8 already bridged)
[2026-09-22T02:30:04] Hermes sync: noop (already bridged)
[2026-09-22T02:30:07] reflect (Layer 2)
reflect: wrote /www/wwwroot/mflow/1-1 Harness/11-knowledge/dream/recurring-patterns/2026-W39.md (119 sessions, 9 patterns)
[2026-09-22T02:30:08] reflect done
[2026-09-22T02:30:08] consolidate.sh done
[2026-09-23T02:30:01] consolidate.sh start (emit=0, audit=0)
emitted 98 entities → /www/wwwroot/mflow/1-1 Harness/11-knowledge/entities.jsonl
emitted 111 relationships → /www/wwwroot/mflow/1-1 Harness/11-knowledge/relationships.jsonl
[2026-09-23T02:30:02] JSONL refreshed
[2026-09-23T02:30:02] sync Hermes MEMORY.md
sync-to-hermes: noop (all § 0/1/2/4/7/8 already bridged)
[2026-09-23T02:30:02] Hermes sync: noop (already bridged)
[2026-09-23T02:30:03] reflect (Layer 2)
reflect: wrote /www/wwwroot/mflow/1-1 Harness/11-knowledge/dream/recurring-patterns/2026-W39.md (119 sessions, 9 patterns)
[2026-09-23T02:30:03] reflect done
[2026-09-23T02:30:03] consolidate.sh done
[2026-09-24T02:30:01] consolidate.sh start (emit=0, audit=0)
emitted 98 entities → /www/wwwroot/mflow/1-1 Harness/11-knowledge/entities.jsonl
emitted 111 relationships → /www/wwwroot/mflow/1-1 Harness/11-knowledge/relationships.jsonl
[2026-09-24T02:30:02] JSONL refreshed
[2026-09-24T02:30:02] sync Hermes MEMORY.md
sync-to-hermes: noop (all § 0/1/2/4/7/8 already bridged)
[2026-09-24T02:30:03] Hermes sync: noop (already bridged)
[2026-09-24T02:30:03] reflect (Layer 2)
reflect: wrote /www/wwwroot/mflow/1-1 Harness/11-knowledge/dream/recurring-patterns/2026-W39.md (119 sessions, 9 patterns)
[2026-09-24T02:30:04] reflect done
[2026-09-24T02:30:04] consolidate.sh done
[2026-09-25T02:30:01] consolidate.sh start (emit=0, audit=0)
emitted 98 entities → /www/wwwroot/mflow/1-1 Harness/11-knowledge/entities.jsonl
emitted 111 relationships → /www/wwwroot/mflow/1-1 Harness/11-knowledge/relationships.jsonl
[2026-09-25T02:30:04] JSONL refreshed
[2026-09-25T02:30:05] sync Hermes MEMORY.md
sync-to-hermes: noop (all § 0/1/2/4/7/8 already bridged)
[2026-09-25T02:30:06] Hermes sync: noop (already bridged)
[2026-09-25T02:30:08] reflect (Layer 2)
reflect: wrote /www/wwwroot/mflow/1-1 Harness/11-knowledge/dream/recurring-patterns/2026-W39.md (119 sessions, 9 patterns)
[2026-09-25T02:30:08] reflect done
[2026-09-25T02:30:08] consolidate.sh done
[2026-09-26T02:30:01] consolidate.sh start (emit=0, audit=0)
emitted 98 entities → /www/wwwroot/mflow/1-1 Harness/11-knowledge/entities.jsonl
emitted 111 relationships → /www/wwwroot/mflow/1-1 Harness/11-knowledge/relationships.jsonl
[2026-09-26T02:30:02] JSONL refreshed
[2026-09-26T02:30:02] sync Hermes MEMORY.md
sync-to-hermes: noop (all § 0/1/2/4/7/8 already bridged)
[2026-09-26T02:30:03] Hermes sync: noop (already bridged)
[2026-09-26T02:30:04] reflect (Layer 2)
reflect: wrote /www/wwwroot/mflow/1-1 Harness/11-knowledge/dream/recurring-patterns/2026-W39.md (119 sessions, 9 patterns)
[2026-09-26T02:30:04] reflect done
[2026-09-26T02:30:04] consolidate.sh done
[2026-09-27T02:30:02] consolidate.sh start (emit=0, audit=0)
emitted 98 entities → /www/wwwroot/mflow/1-1 Harness/11-knowledge/entities.jsonl
emitted 111 relationships → /www/wwwroot/mflow/1-1 Harness/11-knowledge/relationships.jsonl
[2026-09-27T02:30:03] JSONL refreshed
[2026-09-27T02:30:04] sync Hermes MEMORY.md
sync-to-hermes: noop (all § 0/1/2/4/7/8 already bridged)
[2026-09-27T02:30:04] Hermes sync: noop (already bridged)
[2026-09-27T02:30:05] reflect (Layer 2)
reflect: wrote /www/wwwroot/mflow/1-1 Harness/11-knowledge/dream/recurring-patterns/2026-W39.md (119 sessions, 9 patterns)
[2026-09-27T02:30:06] reflect done
[2026-09-27T02:30:06] consolidate.sh done
[2026-09-28T02:30:02] consolidate.sh start (emit=0, audit=0)
emitted 98 entities → /www/wwwroot/mflow/1-1 Harness/11-knowledge/entities.jsonl
emitted 111 relationships → /www/wwwroot/mflow/1-1 Harness/11-knowledge/relationships.jsonl
[2026-09-28T02:30:02] JSONL refreshed
[2026-09-28T02:30:03] sync Hermes MEMORY.md
sync-to-hermes: noop (all § 0/1/2/4/7/8 already bridged)
[2026-09-28T02:30:03] Hermes sync: noop (already bridged)
[2026-09-28T02:30:05] reflect (Layer 2)
reflect: wrote /www/wwwroot/mflow/1-1 Harness/11-knowledge/dream/recurring-patterns/2026-W40.md (119 sessions, 9 patterns)
[2026-09-28T02:30:23] reflect done
[2026-09-28T02:30:23] consolidate.sh done
[2026-09-29T02:30:01] consolidate.sh start (emit=0, audit=0)
emitted 98 entities → /www/wwwroot/mflow/1-1 Harness/11-knowledge/entities.jsonl
emitted 111 relationships → /www/wwwroot/mflow/1-1 Harness/11-knowledge/relationships.jsonl
[2026-09-29T02:30:02] JSONL refreshed
[2026-09-29T02:30:02] sync Hermes MEMORY.md
sync-to-hermes: noop (all § 0/1/2/4/7/8 already bridged)
[2026-09-29T02:30:02] Hermes sync: noop (already bridged)
[2026-09-29T02:30:03] reflect (Layer 2)
reflect: wrote /www/wwwroot/mflow/1-1 Harness/11-knowledge/dream/recurring-patterns/2026-W40.md (119 sessions, 9 patterns)
[2026-09-29T02:30:03] reflect done
[2026-09-29T02:30:03] consolidate.sh done
[2026-09-30T02:30:02] consolidate.sh start (emit=0, audit=0)
emitted 98 entities → /www/wwwroot/mflow/1-1 Harness/11-knowledge/entities.jsonl
emitted 111 relationships → /www/wwwroot/mflow/1-1 Harness/11-knowledge/relationships.jsonl
[2026-09-30T02:30:08] JSONL refreshed
[2026-09-30T02:30:27] sync Hermes MEMORY.md
sync-to-hermes: noop (all § 0/1/2/4/7/8 already bridged)
[2026-09-30T02:31:20] Hermes sync: noop (already bridged)
[2026-09-30T02:31:28] reflect (Layer 2)
reflect: wrote /www/wwwroot/mflow/1-1 Harness/11-knowledge/dream/recurring-patterns/2026-W40.md (119 sessions, 9 patterns)
[2026-09-30T02:31:29] reflect done
[2026-09-30T02:31:29] consolidate.sh done
[2026-10-01T02:30:02] consolidate.sh start (emit=0, audit=0)
emitted 98 entities → /www/wwwroot/mflow/1-1 Harness/11-knowledge/entities.jsonl
emitted 111 relationships → /www/wwwroot/mflow/1-1 Harness/11-knowledge/relationships.jsonl
[2026-10-01T02:30:06] JSONL refreshed
[2026-10-01T02:30:08] sync Hermes MEMORY.md
sync-to-hermes: noop (all § 0/1/2/4/7/8 already bridged)
[2026-10-01T02:30:08] Hermes sync: noop (already bridged)
[2026-10-01T02:32:03] reflect (Layer 2)
reflect: wrote /www/wwwroot/mflow/1-1 Harness/11-knowledge/dream/recurring-patterns/2026-W40.md (119 sessions, 9 patterns)
[2026-10-01T02:32:05] reflect done
[2026-10-01T02:32:05] consolidate.sh done
[2026-10-02T02:30:02] consolidate.sh start (emit=0, audit=0)
emitted 98 entities → /www/wwwroot/mflow/1-1 Harness/11-knowledge/entities.jsonl
emitted 111 relationships → /www/wwwroot/mflow/1-1 Harness/11-knowledge/relationships.jsonl
[2026-10-02T02:30:05] JSONL refreshed
[2026-10-02T02:30:06] sync Hermes MEMORY.md
sync-to-hermes: noop (all § 0/1/2/4/7/8 already bridged)
[2026-10-02T02:30:07] Hermes sync: noop (already bridged)
[2026-10-02T02:30:09] reflect (Layer 2)
reflect: wrote /www/wwwroot/mflow/1-1 Harness/11-knowledge/dream/recurring-patterns/2026-W40.md (119 sessions, 9 patterns)
[2026-10-02T02:30:09] reflect done
[2026-10-02T02:30:09] consolidate.sh done
[2026-10-03T02:30:02] consolidate.sh start (emit=0, audit=0)
emitted 98 entities → /www/wwwroot/mflow/1-1 Harness/11-knowledge/entities.jsonl
emitted 111 relationships → /www/wwwroot/mflow/1-1 Harness/11-knowledge/relationships.jsonl
[2026-10-03T02:30:06] JSONL refreshed
[2026-10-03T02:30:08] sync Hermes MEMORY.md
sync-to-hermes: noop (all § 0/1/2/4/7/8 already bridged)
[2026-10-03T02:30:09] Hermes sync: noop (already bridged)
[2026-10-03T02:30:19] reflect (Layer 2)
reflect: wrote /www/wwwroot/mflow/1-1 Harness/11-knowledge/dream/recurring-patterns/2026-W40.md (119 sessions, 9 patterns)
[2026-10-03T02:30:19] reflect done
[2026-10-03T02:30:19] consolidate.sh done
[2026-10-04T02:30:02] consolidate.sh start (emit=0, audit=0)
emitted 98 entities → /www/wwwroot/mflow/1-1 Harness/11-knowledge/entities.jsonl
emitted 111 relationships → /www/wwwroot/mflow/1-1 Harness/11-knowledge/relationships.jsonl
[2026-10-04T02:30:04] JSONL refreshed
[2026-10-04T02:30:05] sync Hermes MEMORY.md
sync-to-hermes: noop (all § 0/1/2/4/7/8 already bridged)
[2026-10-04T02:30:06] Hermes sync: noop (already bridged)
[2026-10-04T02:30:08] reflect (Layer 2)
reflect: wrote /www/wwwroot/mflow/1-1 Harness/11-knowledge/dream/recurring-patterns/2026-W40.md (119 sessions, 9 patterns)
[2026-10-04T02:30:09] reflect done
[2026-10-04T02:30:09] consolidate.sh done
[2026-10-05T02:30:01] consolidate.sh start (emit=0, audit=0)
emitted 98 entities → /www/wwwroot/mflow/1-1 Harness/11-knowledge/entities.jsonl
emitted 111 relationships → /www/wwwroot/mflow/1-1 Harness/11-knowledge/relationships.jsonl
[2026-10-05T02:30:02] JSONL refreshed
[2026-10-05T02:30:03] sync Hermes MEMORY.md
sync-to-hermes: noop (all § 0/1/2/4/7/8 already bridged)
[2026-10-05T02:30:03] Hermes sync: noop (already bridged)
[2026-10-05T02:30:04] reflect (Layer 2)
reflect: wrote /www/wwwroot/mflow/1-1 Harness/11-knowledge/dream/recurring-patterns/2026-W41.md (119 sessions, 9 patterns)
[2026-10-05T02:30:04] reflect done
[2026-10-05T02:30:04] consolidate.sh done
[2026-10-06T02:30:01] consolidate.sh start (emit=0, audit=0)
emitted 98 entities → /www/wwwroot/mflow/1-1 Harness/11-knowledge/entities.jsonl
emitted 111 relationships → /www/wwwroot/mflow/1-1 Harness/11-knowledge/relationships.jsonl
[2026-10-06T02:30:03] JSONL refreshed
[2026-10-06T02:30:05] sync Hermes MEMORY.md
sync-to-hermes: noop (all § 0/1/2/4/7/8 already bridged)
[2026-10-06T02:30:05] Hermes sync: noop (already bridged)
[2026-10-06T02:30:07] reflect (Layer 2)
reflect: wrote /www/wwwroot/mflow/1-1 Harness/11-knowledge/dream/recurring-patterns/2026-W41.md (119 sessions, 9 patterns)
[2026-10-06T02:30:08] reflect done
[2026-10-06T02:30:08] consolidate.sh done
