/Users/seveno/Library/Python/3.9/lib/python/site-packages/google/oauth2/__init__.py:40: FutureWarning: You are using a Python version 3.9 past its end of life. Google will update google-auth with critical bug fixes on a best-effort basis, but not with any other fixes or features. Please upgrade your Python version, and then update google-auth.
  warnings.warn(eol_message.format("3.9"), FutureWarning)
/Users/seveno/Library/Python/3.9/lib/python/site-packages/google/auth/__init__.py:54: FutureWarning: You are using a Python version 3.9 past its end of life. Google will update google-auth with critical bug fixes on a best-effort basis, but not with any other fixes or features. Please upgrade your Python version, and then update google-auth.
  warnings.warn(eol_message.format("3.9"), FutureWarning)
/Users/seveno/Library/Python/3.9/lib/python/site-packages/google/api_core/_python_version_support.py:242: FutureWarning: You are using a non-supported Python version (3.9.6). Google will not post any further updates to google.api_core supporting this Python version. Please upgrade to the latest Python version, or at least Python 3.10, and then update google.api_core.
  warnings.warn(message, FutureWarning)
────────────────────────────────────────────────────────────
  SEO 报告标准检查（强制）
  类型: review_weekly
  当前: 2025-12-01→2025-12-07（复盘周 7d GSC / 7d GA4）
  环比: 2025-11-24→2025-11-30（上复盘窗 7d）
  规则: 上周三～本周二 vs 上上周三～上周二（同等 7 日复盘窗）
  关键词: 每段必须含 点击+曝光+CTR + 三者环比
  细分: Top/地区/目录/品牌拆分 必须含 点击占比+曝光占比
  i18n: 日报必须含 locale 查询雷达与内容生产候选，不能只优化英语主工作流
  OKR: 当前脚本默认生效月 2026-05（Agent 跑前须问用户是否更新）
────────────────────────────────────────────────────────────
  ℹ️  OKR 目标默认沿用 2026-05 版本（见 AGENTS.md A4）。 生成报告前请向用户确认：OKR 是否要更新？

[1] GSC...
  126,374/129,732 clicks
[2] GA4...
  org=208,493us ref=120,108 all=647,298
[3] Competitor...
  core=16/36
[4] Building report...
✅ Lovart-SEO-review-2025-12-01-2025-12-07.md (13,616 chars / 369 lines)
✅ Lovart-SEO-Week_2025-12-01_2025-12-07.md
────────────────────────────────────────────────────────────
  SEO 报告标准检查（强制）
  类型: review_weekly
  当前: 2025-12-08→2025-12-14（复盘周 7d GSC / 7d GA4）
  环比: 2025-12-01→2025-12-07（上复盘窗 7d）
  规则: 上周三～本周二 vs 上上周三～上周二（同等 7 日复盘窗）
  关键词: 每段必须含 点击+曝光+CTR + 三者环比
  细分: Top/地区/目录/品牌拆分 必须含 点击占比+曝光占比
  i18n: 日报必须含 locale 查询雷达与内容生产候选，不能只优化英语主工作流
  OKR: 当前脚本默认生效月 2026-05（Agent 跑前须问用户是否更新）
────────────────────────────────────────────────────────────
  ℹ️  OKR 目标默认沿用 2026-05 版本（见 AGENTS.md A4）。 生成报告前请向用户确认：OKR 是否要更新？

[1] GSC...
  199,279/126,374 clicks
[2] GA4...
  org=263,474us ref=121,935 all=641,403
[3] Competitor...
  core=13/36
[4] Building report...
✅ Lovart-SEO-review-2025-12-08-2025-12-14.md (13,623 chars / 367 lines)
✅ Lovart-SEO-Week_2025-12-08_2025-12-14.md
────────────────────────────────────────────────────────────
  SEO 报告标准检查（强制）
  类型: review_weekly
  当前: 2025-12-15→2025-12-21（复盘周 7d GSC / 7d GA4）
  环比: 2025-12-08→2025-12-14（上复盘窗 7d）
  规则: 上周三～本周二 vs 上上周三～上周二（同等 7 日复盘窗）
  关键词: 每段必须含 点击+曝光+CTR + 三者环比
  细分: Top/地区/目录/品牌拆分 必须含 点击占比+曝光占比
  i18n: 日报必须含 locale 查询雷达与内容生产候选，不能只优化英语主工作流
  OKR: 当前脚本默认生效月 2026-05（Agent 跑前须问用户是否更新）
────────────────────────────────────────────────────────────
  ℹ️  OKR 目标默认沿用 2026-05 版本（见 AGENTS.md A4）。 生成报告前请向用户确认：OKR 是否要更新？

[1] GSC...
  151,948/199,279 clicks
[2] GA4...
  org=243,285us ref=117,714 all=629,876
[3] Competitor...
  core=16/36
[4] Building report...
✅ Lovart-SEO-review-2025-12-15-2025-12-21.md (13,615 chars / 368 lines)
✅ Lovart-SEO-Week_2025-12-15_2025-12-21.md
────────────────────────────────────────────────────────────
  SEO 报告标准检查（强制）
  类型: review_weekly
  当前: 2025-12-22→2025-12-28（复盘周 7d GSC / 7d GA4）
  环比: 2025-12-15→2025-12-21（上复盘窗 7d）
  规则: 上周三～本周二 vs 上上周三～上周二（同等 7 日复盘窗）
  关键词: 每段必须含 点击+曝光+CTR + 三者环比
  细分: Top/地区/目录/品牌拆分 必须含 点击占比+曝光占比
  i18n: 日报必须含 locale 查询雷达与内容生产候选，不能只优化英语主工作流
  OKR: 当前脚本默认生效月 2026-05（Agent 跑前须问用户是否更新）
────────────────────────────────────────────────────────────
  ℹ️  OKR 目标默认沿用 2026-05 版本（见 AGENTS.md A4）。 生成报告前请向用户确认：OKR 是否要更新？

[1] GSC...
  344,681/151,948 clicks
[2] GA4...
  org=312,200us ref=115,725 all=698,558
[3] Competitor...
  core=14/36
[4] Building report...
✅ Lovart-SEO-review-2025-12-22-2025-12-28.md (13,478 chars / 364 lines)
✅ Lovart-SEO-Week_2025-12-22_2025-12-28.md
────────────────────────────────────────────────────────────
  SEO 报告标准检查（强制）
  类型: review_weekly
  当前: 2025-12-29→2026-01-04（复盘周 7d GSC / 7d GA4）
  环比: 2025-12-22→2025-12-28（上复盘窗 7d）
  规则: 上周三～本周二 vs 上上周三～上周二（同等 7 日复盘窗）
  关键词: 每段必须含 点击+曝光+CTR + 三者环比
  细分: Top/地区/目录/品牌拆分 必须含 点击占比+曝光占比
  i18n: 日报必须含 locale 查询雷达与内容生产候选，不能只优化英语主工作流
  OKR: 当前脚本默认生效月 2026-05（Agent 跑前须问用户是否更新）
────────────────────────────────────────────────────────────
  ℹ️  OKR 目标默认沿用 2026-05 版本（见 AGENTS.md A4）。 生成报告前请向用户确认：OKR 是否要更新？

[1] GSC...
  817,305/344,681 clicks
[2] GA4...
  org=595,307us ref=135,842 all=984,935
[3] Competitor...
  core=15/36
[4] Building report...
✅ Lovart-SEO-review-2025-12-29-2026-01-04.md (13,598 chars / 363 lines)
✅ Lovart-SEO-Week_2025-12-29_2026-01-04.md
────────────────────────────────────────────────────────────
  SEO 报告标准检查（强制）
  类型: review_weekly
  当前: 2026-01-05→2026-01-11（复盘周 7d GSC / 7d GA4）
  环比: 2025-12-29→2026-01-04（上复盘窗 7d）
  规则: 上周三～本周二 vs 上上周三～上周二（同等 7 日复盘窗）
  关键词: 每段必须含 点击+曝光+CTR + 三者环比
  细分: Top/地区/目录/品牌拆分 必须含 点击占比+曝光占比
  i18n: 日报必须含 locale 查询雷达与内容生产候选，不能只优化英语主工作流
  OKR: 当前脚本默认生效月 2026-05（Agent 跑前须问用户是否更新）
────────────────────────────────────────────────────────────
  ℹ️  OKR 目标默认沿用 2026-05 版本（见 AGENTS.md A4）。 生成报告前请向用户确认：OKR 是否要更新？

[1] GSC...
  655,803/817,305 clicks
[2] GA4...
  org=538,248us ref=143,776 all=1,044,512
[3] Competitor...
  core=13/36
[4] Building report...
✅ Lovart-SEO-review-2026-01-05-2026-01-11.md (13,440 chars / 359 lines)
✅ Lovart-SEO-Week_2026-01-05_2026-01-11.md
────────────────────────────────────────────────────────────
  SEO 报告标准检查（强制）
  类型: review_weekly
  当前: 2026-01-12→2026-01-18（复盘周 7d GSC / 7d GA4）
  环比: 2026-01-05→2026-01-11（上复盘窗 7d）
  规则: 上周三～本周二 vs 上上周三～上周二（同等 7 日复盘窗）
  关键词: 每段必须含 点击+曝光+CTR + 三者环比
  细分: Top/地区/目录/品牌拆分 必须含 点击占比+曝光占比
  i18n: 日报必须含 locale 查询雷达与内容生产候选，不能只优化英语主工作流
  OKR: 当前脚本默认生效月 2026-05（Agent 跑前须问用户是否更新）
────────────────────────────────────────────────────────────
  ℹ️  OKR 目标默认沿用 2026-05 版本（见 AGENTS.md A4）。 生成报告前请向用户确认：OKR 是否要更新？

[1] GSC...
  531,530/655,803 clicks
[2] GA4...
  org=470,384us ref=137,879 all=926,800
[3] Competitor...
  core=13/36
[4] Building report...
✅ Lovart-SEO-review-2026-01-12-2026-01-18.md (13,378 chars / 358 lines)
✅ Lovart-SEO-Week_2026-01-12_2026-01-18.md
────────────────────────────────────────────────────────────
  SEO 报告标准检查（强制）
  类型: review_weekly
  当前: 2026-01-19→2026-01-25（复盘周 7d GSC / 7d GA4）
  环比: 2026-01-12→2026-01-18（上复盘窗 7d）
  规则: 上周三～本周二 vs 上上周三～上周二（同等 7 日复盘窗）
  关键词: 每段必须含 点击+曝光+CTR + 三者环比
  细分: Top/地区/目录/品牌拆分 必须含 点击占比+曝光占比
  i18n: 日报必须含 locale 查询雷达与内容生产候选，不能只优化英语主工作流
  OKR: 当前脚本默认生效月 2026-05（Agent 跑前须问用户是否更新）
────────────────────────────────────────────────────────────
  ℹ️  OKR 目标默认沿用 2026-05 版本（见 AGENTS.md A4）。 生成报告前请向用户确认：OKR 是否要更新？

[1] GSC...
  326,784/531,530 clicks
[2] GA4...
  org=354,496us ref=126,907 all=790,854
[3] Competitor...
  core=16/36
[4] Building report...
✅ Lovart-SEO-review-2026-01-19-2026-01-25.md (13,275 chars / 356 lines)
✅ Lovart-SEO-Week_2026-01-19_2026-01-25.md
────────────────────────────────────────────────────────────
  SEO 报告标准检查（强制）
  类型: review_weekly
  当前: 2026-01-26→2026-02-01（复盘周 7d GSC / 7d GA4）
  环比: 2026-01-19→2026-01-25（上复盘窗 7d）
  规则: 上周三～本周二 vs 上上周三～上周二（同等 7 日复盘窗）
  关键词: 每段必须含 点击+曝光+CTR + 三者环比
  细分: Top/地区/目录/品牌拆分 必须含 点击占比+曝光占比
  i18n: 日报必须含 locale 查询雷达与内容生产候选，不能只优化英语主工作流
  OKR: 当前脚本默认生效月 2026-05（Agent 跑前须问用户是否更新）
────────────────────────────────────────────────────────────
  ℹ️  OKR 目标默认沿用 2026-05 版本（见 AGENTS.md A4）。 生成报告前请向用户确认：OKR 是否要更新？

[1] GSC...
  308,967/326,784 clicks
[2] GA4...
  org=343,266us ref=120,469 all=769,571
[3] Competitor...
  core=18/36
[4] Building report...
✅ Lovart-SEO-review-2026-01-26-2026-02-01.md (13,260 chars / 358 lines)
✅ Lovart-SEO-Week_2026-01-26_2026-02-01.md
────────────────────────────────────────────────────────────
  SEO 报告标准检查（强制）
  类型: review_weekly
  当前: 2026-02-02→2026-02-08（复盘周 7d GSC / 7d GA4）
  环比: 2026-01-26→2026-02-01（上复盘窗 7d）
  规则: 上周三～本周二 vs 上上周三～上周二（同等 7 日复盘窗）
  关键词: 每段必须含 点击+曝光+CTR + 三者环比
  细分: Top/地区/目录/品牌拆分 必须含 点击占比+曝光占比
  i18n: 日报必须含 locale 查询雷达与内容生产候选，不能只优化英语主工作流
  OKR: 当前脚本默认生效月 2026-05（Agent 跑前须问用户是否更新）
────────────────────────────────────────────────────────────
  ℹ️  OKR 目标默认沿用 2026-05 版本（见 AGENTS.md A4）。 生成报告前请向用户确认：OKR 是否要更新？

[1] GSC...
  251,916/308,967 clicks
[2] GA4...
  org=299,594us ref=110,365 all=699,128
[3] Competitor...
  core=14/36
[4] Building report...
✅ Lovart-SEO-review-2026-02-02-2026-02-08.md (13,401 chars / 361 lines)
✅ Lovart-SEO-Week_2026-02-02_2026-02-08.md
────────────────────────────────────────────────────────────
  SEO 报告标准检查（强制）
  类型: review_weekly
  当前: 2026-02-09→2026-02-15（复盘周 7d GSC / 7d GA4）
  环比: 2026-02-02→2026-02-08（上复盘窗 7d）
  规则: 上周三～本周二 vs 上上周三～上周二（同等 7 日复盘窗）
  关键词: 每段必须含 点击+曝光+CTR + 三者环比
  细分: Top/地区/目录/品牌拆分 必须含 点击占比+曝光占比
  i18n: 日报必须含 locale 查询雷达与内容生产候选，不能只优化英语主工作流
  OKR: 当前脚本默认生效月 2026-05（Agent 跑前须问用户是否更新）
────────────────────────────────────────────────────────────
  ℹ️  OKR 目标默认沿用 2026-05 版本（见 AGENTS.md A4）。 生成报告前请向用户确认：OKR 是否要更新？

[1] GSC...
  221,926/251,916 clicks
[2] GA4...
  org=262,881us ref=97,449 all=588,348
[3] Competitor...
  core=16/36
[4] Building report...
✅ Lovart-SEO-review-2026-02-09-2026-02-15.md (13,216 chars / 356 lines)
✅ Lovart-SEO-Week_2026-02-09_2026-02-15.md
────────────────────────────────────────────────────────────
  SEO 报告标准检查（强制）
  类型: review_weekly
  当前: 2026-02-16→2026-02-22（复盘周 7d GSC / 7d GA4）
  环比: 2026-02-09→2026-02-15（上复盘窗 7d）
  规则: 上周三～本周二 vs 上上周三～上周二（同等 7 日复盘窗）
  关键词: 每段必须含 点击+曝光+CTR + 三者环比
  细分: Top/地区/目录/品牌拆分 必须含 点击占比+曝光占比
  i18n: 日报必须含 locale 查询雷达与内容生产候选，不能只优化英语主工作流
  OKR: 当前脚本默认生效月 2026-05（Agent 跑前须问用户是否更新）
────────────────────────────────────────────────────────────
  ℹ️  OKR 目标默认沿用 2026-05 版本（见 AGENTS.md A4）。 生成报告前请向用户确认：OKR 是否要更新？

[1] GSC...
  206,879/221,926 clicks
[2] GA4...
  org=224,277us ref=81,695 all=426,017
[3] Competitor...
  core=16/36
[4] Building report...
✅ Lovart-SEO-review-2026-02-16-2026-02-22.md (13,351 chars / 360 lines)
✅ Lovart-SEO-Week_2026-02-16_2026-02-22.md
────────────────────────────────────────────────────────────
  SEO 报告标准检查（强制）
  类型: review_weekly
  当前: 2026-02-23→2026-03-01（复盘周 7d GSC / 7d GA4）
  环比: 2026-02-16→2026-02-22（上复盘窗 7d）
  规则: 上周三～本周二 vs 上上周三～上周二（同等 7 日复盘窗）
  关键词: 每段必须含 点击+曝光+CTR + 三者环比
  细分: Top/地区/目录/品牌拆分 必须含 点击占比+曝光占比
  i18n: 日报必须含 locale 查询雷达与内容生产候选，不能只优化英语主工作流
  OKR: 当前脚本默认生效月 2026-05（Agent 跑前须问用户是否更新）
────────────────────────────────────────────────────────────
  ℹ️  OKR 目标默认沿用 2026-05 版本（见 AGENTS.md A4）。 生成报告前请向用户确认：OKR 是否要更新？

[1] GSC...
  210,156/206,879 clicks
[2] GA4...
  org=273,819us ref=107,916 all=646,299
[3] Competitor...
  core=17/36
[4] Building report...
✅ Lovart-SEO-review-2026-02-23-2026-03-01.md (13,419 chars / 364 lines)
✅ Lovart-SEO-Week_2026-02-23_2026-03-01.md
────────────────────────────────────────────────────────────
  SEO 报告标准检查（强制）
  类型: review_weekly
  当前: 2026-03-02→2026-03-08（复盘周 7d GSC / 7d GA4）
  环比: 2026-02-23→2026-03-01（上复盘窗 7d）
  规则: 上周三～本周二 vs 上上周三～上周二（同等 7 日复盘窗）
  关键词: 每段必须含 点击+曝光+CTR + 三者环比
  细分: Top/地区/目录/品牌拆分 必须含 点击占比+曝光占比
  i18n: 日报必须含 locale 查询雷达与内容生产候选，不能只优化英语主工作流
  OKR: 当前脚本默认生效月 2026-05（Agent 跑前须问用户是否更新）
────────────────────────────────────────────────────────────
  ℹ️  OKR 目标默认沿用 2026-05 版本（见 AGENTS.md A4）。 生成报告前请向用户确认：OKR 是否要更新？

[1] GSC...
  190,549/210,156 clicks
[2] GA4...
  org=270,022us ref=108,472 all=611,833
[3] Competitor...
  core=17/36
[4] Building report...
✅ Lovart-SEO-review-2026-03-02-2026-03-08.md (13,433 chars / 363 lines)
✅ Lovart-SEO-Week_2026-03-02_2026-03-08.md
────────────────────────────────────────────────────────────
  SEO 报告标准检查（强制）
  类型: review_weekly
  当前: 2026-03-09→2026-03-15（复盘周 7d GSC / 7d GA4）
  环比: 2026-03-02→2026-03-08（上复盘窗 7d）
  规则: 上周三～本周二 vs 上上周三～上周二（同等 7 日复盘窗）
  关键词: 每段必须含 点击+曝光+CTR + 三者环比
  细分: Top/地区/目录/品牌拆分 必须含 点击占比+曝光占比
  i18n: 日报必须含 locale 查询雷达与内容生产候选，不能只优化英语主工作流
  OKR: 当前脚本默认生效月 2026-05（Agent 跑前须问用户是否更新）
────────────────────────────────────────────────────────────
  ℹ️  OKR 目标默认沿用 2026-05 版本（见 AGENTS.md A4）。 生成报告前请向用户确认：OKR 是否要更新？

[1] GSC...
  189,431/190,549 clicks
[2] GA4...
  org=276,179us ref=109,587 all=623,591
[3] Competitor...
  core=16/36
[4] Building report...
✅ Lovart-SEO-review-2026-03-09-2026-03-15.md (13,478 chars / 366 lines)
✅ Lovart-SEO-Week_2026-03-09_2026-03-15.md
────────────────────────────────────────────────────────────
  SEO 报告标准检查（强制）
  类型: review_weekly
  当前: 2026-03-16→2026-03-22（复盘周 7d GSC / 7d GA4）
  环比: 2026-03-09→2026-03-15（上复盘窗 7d）
  规则: 上周三～本周二 vs 上上周三～上周二（同等 7 日复盘窗）
  关键词: 每段必须含 点击+曝光+CTR + 三者环比
  细分: Top/地区/目录/品牌拆分 必须含 点击占比+曝光占比
  i18n: 日报必须含 locale 查询雷达与内容生产候选，不能只优化英语主工作流
  OKR: 当前脚本默认生效月 2026-05（Agent 跑前须问用户是否更新）
────────────────────────────────────────────────────────────
  ℹ️  OKR 目标默认沿用 2026-05 版本（见 AGENTS.md A4）。 生成报告前请向用户确认：OKR 是否要更新？

[1] GSC...
  169,638/189,431 clicks
[2] GA4...
  org=260,428us ref=108,323 all=621,345
[3] Competitor...
  core=16/36
[4] Building report...
✅ Lovart-SEO-review-2026-03-16-2026-03-22.md (13,577 chars / 367 lines)
✅ Lovart-SEO-Week_2026-03-16_2026-03-22.md
────────────────────────────────────────────────────────────
  SEO 报告标准检查（强制）
  类型: review_weekly
  当前: 2026-03-23→2026-03-29（复盘周 7d GSC / 7d GA4）
  环比: 2026-03-16→2026-03-22（上复盘窗 7d）
  规则: 上周三～本周二 vs 上上周三～上周二（同等 7 日复盘窗）
  关键词: 每段必须含 点击+曝光+CTR + 三者环比
  细分: Top/地区/目录/品牌拆分 必须含 点击占比+曝光占比
  i18n: 日报必须含 locale 查询雷达与内容生产候选，不能只优化英语主工作流
  OKR: 当前脚本默认生效月 2026-05（Agent 跑前须问用户是否更新）
────────────────────────────────────────────────────────────
  ℹ️  OKR 目标默认沿用 2026-05 版本（见 AGENTS.md A4）。 生成报告前请向用户确认：OKR 是否要更新？

[1] GSC...
  158,780/169,638 clicks
[2] GA4...
  org=262,632us ref=106,764 all=569,776
[3] Competitor...
  core=17/36
[4] Building report...
✅ Lovart-SEO-review-2026-03-23-2026-03-29.md (13,575 chars / 368 lines)
✅ Lovart-SEO-Week_2026-03-23_2026-03-29.md
  skip Lovart-SEO-Week_2026-03-30_2026-04-05.md
  skip Lovart-SEO-Week_2026-04-06_2026-04-12.md
  skip Lovart-SEO-Week_2026-04-13_2026-04-19.md
  skip Lovart-SEO-Week_2026-04-20_2026-04-26.md
  skip Lovart-SEO-Week_2026-04-27_2026-05-03.md
  skip Lovart-SEO-Week_2026-05-04_2026-05-10.md
  skip Lovart-SEO-Week_2026-05-11_2026-05-17.md
  skip Lovart-SEO-Week_2026-05-18_2026-05-24.md
────────────────────────────────────────────────────────────
  SEO 报告标准检查（强制）
  类型: review_weekly
  当前: 2026-05-25→2026-05-31（复盘周 7d GSC / 7d GA4）
  环比: 2026-05-18→2026-05-24（上复盘窗 7d）
  规则: 上周三～本周二 vs 上上周三～上周二（同等 7 日复盘窗）
  关键词: 每段必须含 点击+曝光+CTR + 三者环比
  细分: Top/地区/目录/品牌拆分 必须含 点击占比+曝光占比
  i18n: 日报必须含 locale 查询雷达与内容生产候选，不能只优化英语主工作流
  OKR: 当前脚本默认生效月 2026-05（Agent 跑前须问用户是否更新）
────────────────────────────────────────────────────────────
  ℹ️  OKR 目标默认沿用 2026-05 版本（见 AGENTS.md A4）。 生成报告前请向用户确认：OKR 是否要更新？

[1] GSC...
  78,489/92,870 clicks
[2] GA4...
  org=216,099us ref=93,546 all=756,791
[3] Competitor...
  core=21/36
[4] Building report...
✅ Lovart-SEO-review-2026-05-25-2026-05-31.md (13,594 chars / 369 lines)
✅ Lovart-SEO-Week_2026-05-25_2026-05-31.md
────────────────────────────────────────────────────────────
  SEO 报告标准检查（强制）
  类型: review_weekly
  当前: 2026-06-01→2026-06-07（复盘周 7d GSC / 7d GA4）
  环比: 2026-05-25→2026-05-31（上复盘窗 7d）
  规则: 上周三～本周二 vs 上上周三～上周二（同等 7 日复盘窗）
  关键词: 每段必须含 点击+曝光+CTR + 三者环比
  细分: Top/地区/目录/品牌拆分 必须含 点击占比+曝光占比
  i18n: 日报必须含 locale 查询雷达与内容生产候选，不能只优化英语主工作流
  OKR: 当前脚本默认生效月 2026-05（Agent 跑前须问用户是否更新）
────────────────────────────────────────────────────────────
  ℹ️  OKR 目标默认沿用 2026-05 版本（见 AGENTS.md A4）。 生成报告前请向用户确认：OKR 是否要更新？

[1] GSC...
  62,676/78,489 clicks
[2] GA4...
  org=209,857us ref=91,618 all=506,125
[3] Competitor...
  core=18/36
[4] Building report...
✅ Lovart-SEO-review-2026-06-01-2026-06-07.md (13,599 chars / 369 lines)
✅ Lovart-SEO-Week_2026-06-01_2026-06-07.md
