────────────────────────────────────────────────────────────
  SEO 报告标准检查（强制）
  类型: bimonthly
  当前: 2025-05~2025-06 (双月)
  环比: 2025-03~2025-04 (上双月)
  规则: 连续两自然月（例：2026-03~04） vs 紧邻上两自然月（例：2026-03~04 vs 2026-01~02）
  关键词: 每段必须含 点击+曝光+CTR + 三者环比
  细分: Top/地区/目录/品牌拆分 必须含 点击占比+曝光占比
  i18n: 日报必须含 locale 查询雷达与内容生产候选，不能只优化英语主工作流
  OKR: 当前脚本默认生效月 2026-05（Agent 跑前须问用户是否更新）
  双月报 V2: 结构同月报 V2；数据=两月快照合并；对比=上两月合并窗
  脚本: 1-4 Geo Dev/scripts/historical/bimonth_with_tier.py --year YYYY --b N
  批处理: report_batch_runner.sh render-bimonthly --from YYYY-B1 --to YYYY-B3
────────────────────────────────────────────────────────────
  ℹ️  双月报 render-only：合并快照 ['2025-05', '2025-06'] vs ['2025-03', '2025-04']

[1/3] 加载并合并 GSC/GA4 快照...
[2/3] 分层 / 竞品 / Bing / DataWorks...
[3/3] 生成双月 V2 报告（generate_report）...
  ⚠️ 2025-B3: '日本'
────────────────────────────────────────────────────────────
  SEO 报告标准检查（强制）
  类型: bimonthly
  当前: 2025-07~2025-08 (双月)
  环比: 2025-05~2025-06 (上双月)
  规则: 连续两自然月（例：2026-03~04） vs 紧邻上两自然月（例：2026-03~04 vs 2026-01~02）
  关键词: 每段必须含 点击+曝光+CTR + 三者环比
  细分: Top/地区/目录/品牌拆分 必须含 点击占比+曝光占比
  i18n: 日报必须含 locale 查询雷达与内容生产候选，不能只优化英语主工作流
  OKR: 当前脚本默认生效月 2026-05（Agent 跑前须问用户是否更新）
  双月报 V2: 结构同月报 V2；数据=两月快照合并；对比=上两月合并窗
  脚本: 1-4 Geo Dev/scripts/historical/bimonth_with_tier.py --year YYYY --b N
  批处理: report_batch_runner.sh render-bimonthly --from YYYY-B1 --to YYYY-B3
────────────────────────────────────────────────────────────
  ℹ️  双月报 render-only：合并快照 ['2025-07', '2025-08'] vs ['2025-05', '2025-06']

[1/3] 加载并合并 GSC/GA4 快照...
[2/3] 分层 / 竞品 / Bing / DataWorks...
[3/3] 生成双月 V2 报告（generate_report）...

  📄 /Users/seveno/Library/Mobile Documents/iCloud~md~obsidian/Documents/LifeOS Pro PARA Vault/1-Project/insight-data/Trident Insights/reports/bimonthly/Lovart-SEO-2025-B4.md
  📊 75,411 chars, 1572 lines

  双月报 V2 自检（seo_report_standards）：
    [ ] 文首为「双月复盘报告」+ 双月周期 vs 上双月
    [ ] §三/§四 列标签为上双月窗 vs 本双月窗（如 1–2月 vs 3–4月）
    [ ] GSC/GA4 数值为两月合并（非单月）
    [ ] 固定顺序 一～十三、大/小编号连续不重复
    [ ] §一 核心洞察：三段结论（全链路/关键词/执行）+（一）（二）展开；GEO 付费率对比、收录暴增、内容池；OKR 在 §二
    [ ] 核心洞察为三层叙事（自然搜索产品→收录/关键词/页面→综合下一步）
    [ ] §二 OKR 月达成看板（访问 UV 用 all_uv；Sessions 参考行）
    [ ] §三 SEO Dashboard 为卡 A–F + C-Bing/D-Bing/E-Bing（F 含 Bing 竞品行）
    [ ] §4.1 含曝光列与曝光/CTR 环比列；§4.4–4.7 Google movers + §4.12–4.15 Bing movers + §4.16 跨引擎词重叠
    [ ] §四–§十一 分渠道：整体概览 + §4.8–4.16 + 5.4 + 6.4 + 7B + 8.6–8.11 + 9.4–9.6 + 10B + 11.10，每节带「💡 引擎差异」
    [ ] §十一 Google=GSC 分地区 + §11.10 Bing GA4 近似（脚注口径诚实）
    [ ] §四~九、十一节含「💡」
    [ ] 含「年均对比」备注行
    [ ] §11.0 大区最好/持平/最差总览存在
    [ ] 每个大区含「分区月报（双月）」：CTR/占比有环比、Top15 双月表
    [ ] 收录率约 40%+ 量级（非 1.43%）；lavort 不在非品牌 Top10
    [ ] 全文约 1000 行（<600 行多为旧版缩水）
    [ ] 含 §六 DataWorks 平台拆解 或月去重待产出提示
    [ ] OKR 脚注：GA4 Sessions vs DataWorks UV 不可直接对比
    [ ] i18n 内容生产：按 locale 给出查询证据、机会词、本地化页面覆盖与候选任务

✅ Done!
✅ tier=draft Lovart-SEO-2025-B4.md
────────────────────────────────────────────────────────────
  SEO 报告标准检查（强制）
  类型: bimonthly
  当前: 2025-09~2025-10 (双月)
  环比: 2025-07~2025-08 (上双月)
  规则: 连续两自然月（例：2026-03~04） vs 紧邻上两自然月（例：2026-03~04 vs 2026-01~02）
  关键词: 每段必须含 点击+曝光+CTR + 三者环比
  细分: Top/地区/目录/品牌拆分 必须含 点击占比+曝光占比
  i18n: 日报必须含 locale 查询雷达与内容生产候选，不能只优化英语主工作流
  OKR: 当前脚本默认生效月 2026-05（Agent 跑前须问用户是否更新）
  双月报 V2: 结构同月报 V2；数据=两月快照合并；对比=上两月合并窗
  脚本: 1-4 Geo Dev/scripts/historical/bimonth_with_tier.py --year YYYY --b N
  批处理: report_batch_runner.sh render-bimonthly --from YYYY-B1 --to YYYY-B3
────────────────────────────────────────────────────────────
  ℹ️  双月报 render-only：合并快照 ['2025-09', '2025-10'] vs ['2025-07', '2025-08']

[1/3] 加载并合并 GSC/GA4 快照...
[2/3] 分层 / 竞品 / Bing / DataWorks...
[3/3] 生成双月 V2 报告（generate_report）...

  📄 /Users/seveno/Library/Mobile Documents/iCloud~md~obsidian/Documents/LifeOS Pro PARA Vault/1-Project/insight-data/Trident Insights/reports/bimonthly/Lovart-SEO-2025-B5.md
  📊 78,628 chars, 1605 lines

  双月报 V2 自检（seo_report_standards）：
    [ ] 文首为「双月复盘报告」+ 双月周期 vs 上双月
    [ ] §三/§四 列标签为上双月窗 vs 本双月窗（如 1–2月 vs 3–4月）
    [ ] GSC/GA4 数值为两月合并（非单月）
    [ ] 固定顺序 一～十三、大/小编号连续不重复
    [ ] §一 核心洞察：三段结论（全链路/关键词/执行）+（一）（二）展开；GEO 付费率对比、收录暴增、内容池；OKR 在 §二
    [ ] 核心洞察为三层叙事（自然搜索产品→收录/关键词/页面→综合下一步）
    [ ] §二 OKR 月达成看板（访问 UV 用 all_uv；Sessions 参考行）
    [ ] §三 SEO Dashboard 为卡 A–F + C-Bing/D-Bing/E-Bing（F 含 Bing 竞品行）
    [ ] §4.1 含曝光列与曝光/CTR 环比列；§4.4–4.7 Google movers + §4.12–4.15 Bing movers + §4.16 跨引擎词重叠
    [ ] §四–§十一 分渠道：整体概览 + §4.8–4.16 + 5.4 + 6.4 + 7B + 8.6–8.11 + 9.4–9.6 + 10B + 11.10，每节带「💡 引擎差异」
    [ ] §十一 Google=GSC 分地区 + §11.10 Bing GA4 近似（脚注口径诚实）
    [ ] §四~九、十一节含「💡」
    [ ] 含「年均对比」备注行
    [ ] §11.0 大区最好/持平/最差总览存在
    [ ] 每个大区含「分区月报（双月）」：CTR/占比有环比、Top15 双月表
    [ ] 收录率约 40%+ 量级（非 1.43%）；lavort 不在非品牌 Top10
    [ ] 全文约 1000 行（<600 行多为旧版缩水）
    [ ] 含 §六 DataWorks 平台拆解 或月去重待产出提示
    [ ] OKR 脚注：GA4 Sessions vs DataWorks UV 不可直接对比
    [ ] i18n 内容生产：按 locale 给出查询证据、机会词、本地化页面覆盖与候选任务

✅ Done!
✅ tier=draft Lovart-SEO-2025-B5.md
────────────────────────────────────────────────────────────
  SEO 报告标准检查（强制）
  类型: bimonthly
  当前: 2025-11~2025-12 (双月)
  环比: 2025-09~2025-10 (上双月)
  规则: 连续两自然月（例：2026-03~04） vs 紧邻上两自然月（例：2026-03~04 vs 2026-01~02）
  关键词: 每段必须含 点击+曝光+CTR + 三者环比
  细分: Top/地区/目录/品牌拆分 必须含 点击占比+曝光占比
  i18n: 日报必须含 locale 查询雷达与内容生产候选，不能只优化英语主工作流
  OKR: 当前脚本默认生效月 2026-05（Agent 跑前须问用户是否更新）
  双月报 V2: 结构同月报 V2；数据=两月快照合并；对比=上两月合并窗
  脚本: 1-4 Geo Dev/scripts/historical/bimonth_with_tier.py --year YYYY --b N
  批处理: report_batch_runner.sh render-bimonthly --from YYYY-B1 --to YYYY-B3
────────────────────────────────────────────────────────────
  ℹ️  双月报 render-only：合并快照 ['2025-11', '2025-12'] vs ['2025-09', '2025-10']

[1/3] 加载并合并 GSC/GA4 快照...
[2/3] 分层 / 竞品 / Bing / DataWorks...
[3/3] 生成双月 V2 报告（generate_report）...

  📄 /Users/seveno/Library/Mobile Documents/iCloud~md~obsidian/Documents/LifeOS Pro PARA Vault/1-Project/insight-data/Trident Insights/reports/bimonthly/Lovart-SEO-2025-B6.md
  📊 79,538 chars, 1603 lines

  双月报 V2 自检（seo_report_standards）：
    [ ] 文首为「双月复盘报告」+ 双月周期 vs 上双月
    [ ] §三/§四 列标签为上双月窗 vs 本双月窗（如 1–2月 vs 3–4月）
    [ ] GSC/GA4 数值为两月合并（非单月）
    [ ] 固定顺序 一～十三、大/小编号连续不重复
    [ ] §一 核心洞察：三段结论（全链路/关键词/执行）+（一）（二）展开；GEO 付费率对比、收录暴增、内容池；OKR 在 §二
    [ ] 核心洞察为三层叙事（自然搜索产品→收录/关键词/页面→综合下一步）
    [ ] §二 OKR 月达成看板（访问 UV 用 all_uv；Sessions 参考行）
    [ ] §三 SEO Dashboard 为卡 A–F + C-Bing/D-Bing/E-Bing（F 含 Bing 竞品行）
    [ ] §4.1 含曝光列与曝光/CTR 环比列；§4.4–4.7 Google movers + §4.12–4.15 Bing movers + §4.16 跨引擎词重叠
    [ ] §四–§十一 分渠道：整体概览 + §4.8–4.16 + 5.4 + 6.4 + 7B + 8.6–8.11 + 9.4–9.6 + 10B + 11.10，每节带「💡 引擎差异」
    [ ] §十一 Google=GSC 分地区 + §11.10 Bing GA4 近似（脚注口径诚实）
    [ ] §四~九、十一节含「💡」
    [ ] 含「年均对比」备注行
    [ ] §11.0 大区最好/持平/最差总览存在
    [ ] 每个大区含「分区月报（双月）」：CTR/占比有环比、Top15 双月表
    [ ] 收录率约 40%+ 量级（非 1.43%）；lavort 不在非品牌 Top10
    [ ] 全文约 1000 行（<600 行多为旧版缩水）
    [ ] 含 §六 DataWorks 平台拆解 或月去重待产出提示
    [ ] OKR 脚注：GA4 Sessions vs DataWorks UV 不可直接对比
    [ ] i18n 内容生产：按 locale 给出查询证据、机会词、本地化页面覆盖与候选任务

✅ Done!
✅ tier=draft Lovart-SEO-2025-B6.md
────────────────────────────────────────────────────────────
  SEO 报告标准检查（强制）
  类型: bimonthly
  当前: 2026-01~2026-02 (双月)
  环比: 2025-11~2025-12 (上双月)
  规则: 连续两自然月（例：2026-03~04） vs 紧邻上两自然月（例：2026-03~04 vs 2026-01~02）
  关键词: 每段必须含 点击+曝光+CTR + 三者环比
  细分: Top/地区/目录/品牌拆分 必须含 点击占比+曝光占比
  i18n: 日报必须含 locale 查询雷达与内容生产候选，不能只优化英语主工作流
  OKR: 当前脚本默认生效月 2026-05（Agent 跑前须问用户是否更新）
  双月报 V2: 结构同月报 V2；数据=两月快照合并；对比=上两月合并窗
  脚本: 1-4 Geo Dev/scripts/historical/bimonth_with_tier.py --year YYYY --b N
  批处理: report_batch_runner.sh render-bimonthly --from YYYY-B1 --to YYYY-B3
────────────────────────────────────────────────────────────
  ℹ️  双月报 render-only：合并快照 ['2026-01', '2026-02'] vs ['2025-11', '2025-12']

[1/3] 加载并合并 GSC/GA4 快照...
[2/3] 分层 / 竞品 / Bing / DataWorks...
[3/3] 生成双月 V2 报告（generate_report）...

  📄 /Users/seveno/Library/Mobile Documents/iCloud~md~obsidian/Documents/LifeOS Pro PARA Vault/1-Project/insight-data/Trident Insights/reports/bimonthly/Lovart-SEO-2026-B1.md
  📊 79,161 chars, 1599 lines

  双月报 V2 自检（seo_report_standards）：
    [ ] 文首为「双月复盘报告」+ 双月周期 vs 上双月
    [ ] §三/§四 列标签为上双月窗 vs 本双月窗（如 1–2月 vs 3–4月）
    [ ] GSC/GA4 数值为两月合并（非单月）
    [ ] 固定顺序 一～十三、大/小编号连续不重复
    [ ] §一 核心洞察：三段结论（全链路/关键词/执行）+（一）（二）展开；GEO 付费率对比、收录暴增、内容池；OKR 在 §二
    [ ] 核心洞察为三层叙事（自然搜索产品→收录/关键词/页面→综合下一步）
    [ ] §二 OKR 月达成看板（访问 UV 用 all_uv；Sessions 参考行）
    [ ] §三 SEO Dashboard 为卡 A–F + C-Bing/D-Bing/E-Bing（F 含 Bing 竞品行）
    [ ] §4.1 含曝光列与曝光/CTR 环比列；§4.4–4.7 Google movers + §4.12–4.15 Bing movers + §4.16 跨引擎词重叠
    [ ] §四–§十一 分渠道：整体概览 + §4.8–4.16 + 5.4 + 6.4 + 7B + 8.6–8.11 + 9.4–9.6 + 10B + 11.10，每节带「💡 引擎差异」
    [ ] §十一 Google=GSC 分地区 + §11.10 Bing GA4 近似（脚注口径诚实）
    [ ] §四~九、十一节含「💡」
    [ ] 含「年均对比」备注行
    [ ] §11.0 大区最好/持平/最差总览存在
    [ ] 每个大区含「分区月报（双月）」：CTR/占比有环比、Top15 双月表
    [ ] 收录率约 40%+ 量级（非 1.43%）；lavort 不在非品牌 Top10
    [ ] 全文约 1000 行（<600 行多为旧版缩水）
    [ ] 含 §六 DataWorks 平台拆解 或月去重待产出提示
    [ ] OKR 脚注：GA4 Sessions vs DataWorks UV 不可直接对比
    [ ] i18n 内容生产：按 locale 给出查询证据、机会词、本地化页面覆盖与候选任务

✅ Done!
✅ tier=draft Lovart-SEO-2026-B1.md
────────────────────────────────────────────────────────────
  SEO 报告标准检查（强制）
  类型: bimonthly
  当前: 2026-03~2026-04 (双月)
  环比: 2026-01~2026-02 (上双月)
  规则: 连续两自然月（例：2026-03~04） vs 紧邻上两自然月（例：2026-03~04 vs 2026-01~02）
  关键词: 每段必须含 点击+曝光+CTR + 三者环比
  细分: Top/地区/目录/品牌拆分 必须含 点击占比+曝光占比
  i18n: 日报必须含 locale 查询雷达与内容生产候选，不能只优化英语主工作流
  OKR: 当前脚本默认生效月 2026-05（Agent 跑前须问用户是否更新）
  双月报 V2: 结构同月报 V2；数据=两月快照合并；对比=上两月合并窗
  脚本: 1-4 Geo Dev/scripts/historical/bimonth_with_tier.py --year YYYY --b N
  批处理: report_batch_runner.sh render-bimonthly --from YYYY-B1 --to YYYY-B3
────────────────────────────────────────────────────────────
  ℹ️  双月报 render-only：合并快照 ['2026-03', '2026-04'] vs ['2026-01', '2026-02']

[1/3] 加载并合并 GSC/GA4 快照...
[2/3] 分层 / 竞品 / Bing / DataWorks...
[3/3] 生成双月 V2 报告（generate_report）...

  📄 /Users/seveno/Library/Mobile Documents/iCloud~md~obsidian/Documents/LifeOS Pro PARA Vault/1-Project/insight-data/Trident Insights/reports/bimonthly/Lovart-SEO-2026-B2.md
  📊 80,653 chars, 1604 lines

  双月报 V2 自检（seo_report_standards）：
    [ ] 文首为「双月复盘报告」+ 双月周期 vs 上双月
    [ ] §三/§四 列标签为上双月窗 vs 本双月窗（如 1–2月 vs 3–4月）
    [ ] GSC/GA4 数值为两月合并（非单月）
    [ ] 固定顺序 一～十三、大/小编号连续不重复
    [ ] §一 核心洞察：三段结论（全链路/关键词/执行）+（一）（二）展开；GEO 付费率对比、收录暴增、内容池；OKR 在 §二
    [ ] 核心洞察为三层叙事（自然搜索产品→收录/关键词/页面→综合下一步）
    [ ] §二 OKR 月达成看板（访问 UV 用 all_uv；Sessions 参考行）
    [ ] §三 SEO Dashboard 为卡 A–F + C-Bing/D-Bing/E-Bing（F 含 Bing 竞品行）
    [ ] §4.1 含曝光列与曝光/CTR 环比列；§4.4–4.7 Google movers + §4.12–4.15 Bing movers + §4.16 跨引擎词重叠
    [ ] §四–§十一 分渠道：整体概览 + §4.8–4.16 + 5.4 + 6.4 + 7B + 8.6–8.11 + 9.4–9.6 + 10B + 11.10，每节带「💡 引擎差异」
    [ ] §十一 Google=GSC 分地区 + §11.10 Bing GA4 近似（脚注口径诚实）
    [ ] §四~九、十一节含「💡」
    [ ] 含「年均对比」备注行
    [ ] §11.0 大区最好/持平/最差总览存在
    [ ] 每个大区含「分区月报（双月）」：CTR/占比有环比、Top15 双月表
    [ ] 收录率约 40%+ 量级（非 1.43%）；lavort 不在非品牌 Top10
    [ ] 全文约 1000 行（<600 行多为旧版缩水）
    [ ] 含 §六 DataWorks 平台拆解 或月去重待产出提示
    [ ] OKR 脚注：GA4 Sessions vs DataWorks UV 不可直接对比
    [ ] i18n 内容生产：按 locale 给出查询证据、机会词、本地化页面覆盖与候选任务

✅ Done!
✅ tier=draft Lovart-SEO-2026-B2.md
────────────────────────────────────────────────────────────
  SEO 报告标准检查（强制）
  类型: bimonthly
  当前: 2026-05~2026-06 (双月)
  环比: 2026-03~2026-04 (上双月)
  规则: 连续两自然月（例：2026-03~04） vs 紧邻上两自然月（例：2026-03~04 vs 2026-01~02）
  关键词: 每段必须含 点击+曝光+CTR + 三者环比
  细分: Top/地区/目录/品牌拆分 必须含 点击占比+曝光占比
  i18n: 日报必须含 locale 查询雷达与内容生产候选，不能只优化英语主工作流
  OKR: 当前脚本默认生效月 2026-05（Agent 跑前须问用户是否更新）
  双月报 V2: 结构同月报 V2；数据=两月快照合并；对比=上两月合并窗
  脚本: 1-4 Geo Dev/scripts/historical/bimonth_with_tier.py --year YYYY --b N
  批处理: report_batch_runner.sh render-bimonthly --from YYYY-B1 --to YYYY-B3
────────────────────────────────────────────────────────────
  ℹ️  双月报 render-only：合并快照 ['2026-05', '2026-06'] vs ['2026-03', '2026-04']

[1/3] 加载并合并 GSC/GA4 快照...
  ⚠️ 2026-B3: 缺 gsc 快照 ['2026-06']；请先 backfill-snapshots 或 render-monthly --render-only
